device cuda:0 args {'name': 'engram_l1', 'mode': 'engram', 'model': '0.4b', 'device': 'cuda:0', 'ctx': 8192, 'steps': 1000, 'accum': 4, 'lr': None, 'lr_f': 0.001, 'wd': 0.01, 'K': 4, 'in_layer': 1, 'no_h': False, 'engram_rows': 65536, 'seed': 0, 'eval_every': 200, 'eval_books': 3, 'eval_t': 16384}
trainable params: 17.310M
train books 214 tokens 26.68M; val books ['105', '110', '1155']
step     1 loss 3.0303 ema 3.0303 base 3.0303 gain +0.0000 lr 4.00e-05 7.62s/step
step    10 loss 2.8979 ema 3.0105 base 2.8979 gain +0.0000 lr 2.20e-04 7.04s/step
step    20 loss 2.7732 ema 2.9856 base 2.7732 gain +0.0000 lr 4.20e-04 6.96s/step
step    30 loss 2.9034 ema 2.9581 base 2.9034 gain +0.0000 lr 6.19e-04 6.94s/step
step    40 loss 2.7136 ema 2.9344 base 2.7136 gain +0.0000 lr 8.17e-04 6.92s/step
step    50 loss 2.8406 ema 2.9090 base 2.8406 gain +0.0000 lr 9.94e-04 6.91s/step
step    60 loss 2.6112 ema 2.8904 base 2.6112 gain +0.0000 lr 9.92e-04 6.91s/step
step    70 loss 2.9069 ema 2.8711 base 2.9069 gain +0.0000 lr 9.89e-04 6.91s/step
step    80 loss 2.7960 ema 2.8598 base 2.7960 gain +0.0000 lr 9.86e-04 6.91s/step
step    90 loss 2.6271 ema 2.8398 base 2.6271 gain +0.0000 lr 9.82e-04 6.91s/step
step   100 loss 2.6972 ema 2.8271 base 2.6972 gain +0.0000 lr 9.78e-04 6.90s/step
step   110 loss 2.8127 ema 2.8184 base 2.8127 gain +0.0000 lr 9.73e-04 6.91s/step
step   120 loss 2.7218 ema 2.8120 base 2.7218 gain +0.0000 lr 9.68e-04 6.91s/step
step   130 loss 2.6308 ema 2.8076 base 2.6308 gain +0.0000 lr 9.63e-04 6.91s/step
step   140 loss 2.8882 ema 2.8265 base 2.8882 gain +0.0000 lr 9.57e-04 6.84s/step
step   150 loss 2.9993 ema 2.8197 base 2.9993 gain +0.0000 lr 9.51e-04 6.84s/step
step   160 loss 3.1475 ema 2.8225 base 3.1475 gain +0.0000 lr 9.44e-04 6.85s/step
step   170 loss 2.7484 ema 2.8188 base 2.7484 gain +0.0000 lr 9.37e-04 6.85s/step
step   180 loss 2.9569 ema 2.8132 base 2.9569 gain +0.0000 lr 9.30e-04 6.85s/step
step   190 loss 2.9200 ema 2.8113 base 2.9200 gain +0.0000 lr 9.22e-04 6.99s/step
step   200 loss 2.5740 ema 2.8080 base 2.5740 gain +0.0000 lr 9.14e-04 7.26s/step
EVAL step 200: val nll 2.8135 | [0-2048] 2.7859 (base 2.7859) [2048-8192] 2.7764 (base 2.7764) [8192-16384] 2.8482 (base 2.8482)
step   210 loss 2.7817 ema 2.7955 base 2.7817 gain +0.0000 lr 9.06e-04 7.53s/step
step   220 loss 2.9048 ema 2.7955 base 2.9048 gain +0.0000 lr 8.97e-04 7.75s/step
step   230 loss 2.8014 ema 2.7839 base 2.8014 gain +0.0000 lr 8.88e-04 7.96s/step
step   240 loss 2.9699 ema 2.7820 base 2.9699 gain +0.0000 lr 8.78e-04 8.15s/step
step   250 loss 2.6117 ema 2.7856 base 2.6117 gain +0.0000 lr 8.68e-04 8.31s/step
step   260 loss 2.7780 ema 2.7918 base 2.7780 gain +0.0000 lr 8.58e-04 8.43s/step
step   270 loss 2.9274 ema 2.7893 base 2.9274 gain +0.0000 lr 8.48e-04 8.54s/step
step   280 loss 2.8312 ema 2.7854 base 2.8312 gain +0.0000 lr 8.37e-04 8.65s/step
step   290 loss 3.1328 ema 2.7982 base 3.1328 gain +0.0000 lr 8.26e-04 8.74s/step
step   300 loss 2.8013 ema 2.8084 base 2.8013 gain +0.0000 lr 8.15e-04 8.83s/step
step   310 loss 2.7176 ema 2.8020 base 2.7176 gain +0.0000 lr 8.03e-04 8.92s/step
step   320 loss 2.7434 ema 2.7938 base 2.7434 gain +0.0000 lr 7.91e-04 9.00s/step
step   330 loss 2.6507 ema 2.7885 base 2.6507 gain +0.0000 lr 7.79e-04 9.07s/step
step   340 loss 2.6409 ema 2.7619 base 2.6409 gain +0.0000 lr 7.67e-04 9.14s/step
step   350 loss 2.7739 ema 2.7498 base 2.7739 gain +0.0000 lr 7.54e-04 9.20s/step
step   360 loss 2.7711 ema 2.7640 base 2.7711 gain +0.0000 lr 7.42e-04 9.27s/step
step   370 loss 2.5629 ema 2.7623 base 2.5629 gain +0.0000 lr 7.29e-04 9.32s/step
step   380 loss 2.7081 ema 2.7643 base 2.7081 gain +0.0000 lr 7.16e-04 9.38s/step
step   390 loss 2.6944 ema 2.7622 base 2.6944 gain +0.0000 lr 7.02e-04 9.43s/step
step   400 loss 2.7559 ema 2.7544 base 2.7559 gain +0.0000 lr 6.89e-04 9.48s/step
EVAL step 400: val nll 2.8146 | [0-2048] 2.7828 (base 2.7828) [2048-8192] 2.7764 (base 2.7764) [8192-16384] 2.8512 (base 2.8512)
step   410 loss 2.7222 ema 2.7625 base 2.7222 gain +0.0000 lr 6.76e-04 9.54s/step
step   420 loss 2.6292 ema 2.7647 base 2.6292 gain +0.0000 lr 6.62e-04 9.59s/step
step   430 loss 2.6654 ema 2.7483 base 2.6654 gain +0.0000 lr 6.48e-04 9.63s/step
step   440 loss 2.8239 ema 2.7644 base 2.8239 gain +0.0000 lr 6.34e-04 9.67s/step
step   450 loss 3.1024 ema 2.7799 base 3.1024 gain +0.0000 lr 6.20e-04 9.71s/step
step   460 loss 2.9937 ema 2.7825 base 2.9937 gain +0.0000 lr 6.06e-04 9.75s/step
step   470 loss 2.9421 ema 2.7810 base 2.9421 gain +0.0000 lr 5.92e-04 9.78s/step
step   480 loss 2.9268 ema 2.7771 base 2.9268 gain +0.0000 lr 5.78e-04 9.82s/step
step   490 loss 2.8875 ema 2.7569 base 2.8875 gain +0.0000 lr 5.64e-04 9.73s/step
step   500 loss 2.7745 ema 2.7534 base 2.7745 gain +0.0000 lr 5.50e-04 9.64s/step
step   510 loss 2.5788 ema 2.7578 base 2.5788 gain +0.0000 lr 5.36e-04 9.58s/step
step   520 loss 3.0492 ema 2.7575 base 3.0492 gain +0.0000 lr 5.22e-04 9.62s/step
step   530 loss 2.6096 ema 2.7577 base 2.6096 gain +0.0000 lr 5.08e-04 9.66s/step
step   540 loss 2.7062 ema 2.7488 base 2.7062 gain +0.0000 lr 4.94e-04 9.70s/step
step   550 loss 2.7511 ema 2.7527 base 2.7511 gain +0.0000 lr 4.80e-04 9.73s/step
step   560 loss 2.7073 ema 2.7515 base 2.7073 gain +0.0000 lr 4.66e-04 9.76s/step
step   570 loss 2.7507 ema 2.7465 base 2.7507 gain +0.0000 lr 4.52e-04 9.80s/step
step   580 loss 2.6465 ema 2.7505 base 2.6465 gain +0.0000 lr 4.38e-04 9.83s/step
step   590 loss 2.6936 ema 2.7599 base 2.6936 gain +0.0000 lr 4.24e-04 9.86s/step
step   600 loss 2.7893 ema 2.7628 base 2.7893 gain +0.0000 lr 4.11e-04 9.89s/step
EVAL step 600: val nll 2.8147 | [0-2048] 2.7833 (base 2.7833) [2048-8192] 2.7750 (base 2.7750) [8192-16384] 2.8523 (base 2.8523)
step   610 loss 3.0700 ema 2.7541 base 3.0700 gain +0.0000 lr 3.98e-04 9.92s/step
step   620 loss 2.6286 ema 2.7627 base 2.6286 gain +0.0000 lr 3.84e-04 9.95s/step
step   630 loss 2.7935 ema 2.7616 base 2.7935 gain +0.0000 lr 3.71e-04 9.98s/step
step   640 loss 2.9020 ema 2.7650 base 2.9020 gain +0.0000 lr 3.58e-04 10.00s/step
step   650 loss 2.6439 ema 2.7592 base 2.6439 gain +0.0000 lr 3.46e-04 10.02s/step
step   660 loss 2.6443 ema 2.7586 base 2.6443 gain +0.0000 lr 3.33e-04 10.05s/step
step   670 loss 2.6710 ema 2.7428 base 2.6710 gain +0.0000 lr 3.21e-04 10.07s/step
step   680 loss 2.8322 ema 2.7487 base 2.8322 gain +0.0000 lr 3.09e-04 10.09s/step
step   690 loss 2.9231 ema 2.7690 base 2.9231 gain +0.0000 lr 2.97e-04 10.12s/step
step   700 loss 2.8995 ema 2.7769 base 2.8995 gain +0.0000 lr 2.85e-04 10.14s/step
step   710 loss 2.6580 ema 2.7706 base 2.6580 gain +0.0000 lr 2.74e-04 10.16s/step
step   720 loss 2.8113 ema 2.7666 base 2.8113 gain +0.0000 lr 2.63e-04 10.18s/step
step   730 loss 2.6127 ema 2.7623 base 2.6127 gain +0.0000 lr 2.52e-04 10.20s/step
step   740 loss 2.6700 ema 2.7541 base 2.6700 gain +0.0000 lr 2.42e-04 10.22s/step
step   750 loss 2.8251 ema 2.7531 base 2.8251 gain +0.0000 lr 2.32e-04 10.23s/step
step   760 loss 2.6127 ema 2.7508 base 2.6127 gain +0.0000 lr 2.22e-04 10.25s/step
step   770 loss 2.8269 ema 2.7590 base 2.8269 gain +0.0000 lr 2.12e-04 10.27s/step
step   780 loss 2.9208 ema 2.7546 base 2.9208 gain +0.0000 lr 2.03e-04 10.29s/step
step   790 loss 2.7599 ema 2.7350 base 2.7599 gain +0.0000 lr 1.94e-04 10.30s/step
step   800 loss 3.0081 ema 2.7444 base 3.0081 gain +0.0000 lr 1.86e-04 10.32s/step
EVAL step 800: val nll 2.8170 | [0-2048] 2.7833 (base 2.7833) [2048-8192] 2.7779 (base 2.7779) [8192-16384] 2.8547 (base 2.8547)
step   810 loss 2.8966 ema 2.7435 base 2.8966 gain +0.0000 lr 1.78e-04 10.34s/step
step   820 loss 3.0025 ema 2.7484 base 3.0025 gain +0.0000 lr 1.70e-04 10.36s/step
step   830 loss 2.8079 ema 2.7453 base 2.8079 gain +0.0000 lr 1.63e-04 10.35s/step
step   840 loss 2.6739 ema 2.7467 base 2.6739 gain +0.0000 lr 1.56e-04 10.37s/step
step   850 loss 2.6380 ema 2.7482 base 2.6380 gain +0.0000 lr 1.49e-04 10.38s/step
step   860 loss 2.6407 ema 2.7383 base 2.6407 gain +0.0000 lr 1.43e-04 10.39s/step
step   870 loss 2.6528 ema 2.7363 base 2.6528 gain +0.0000 lr 1.37e-04 10.41s/step
step   880 loss 3.1035 ema 2.7531 base 3.1035 gain +0.0000 lr 1.32e-04 10.42s/step
step   890 loss 2.8665 ema 2.7462 base 2.8665 gain +0.0000 lr 1.27e-04 10.44s/step
step   900 loss 2.7428 ema 2.7366 base 2.7428 gain +0.0000 lr 1.22e-04 10.45s/step
step   910 loss 2.6049 ema 2.7270 base 2.6049 gain +0.0000 lr 1.18e-04 10.46s/step
step   920 loss 2.7481 ema 2.7363 base 2.7481 gain +0.0000 lr 1.14e-04 10.47s/step
step   930 loss 2.6984 ema 2.7353 base 2.6984 gain +0.0000 lr 1.11e-04 10.49s/step
step   940 loss 2.7120 ema 2.7316 base 2.7120 gain +0.0000 lr 1.08e-04 10.50s/step
step   950 loss 3.1309 ema 2.7338 base 3.1309 gain +0.0000 lr 1.06e-04 10.51s/step
step   960 loss 2.8243 ema 2.7317 base 2.8243 gain +0.0000 lr 1.04e-04 10.52s/step
step   970 loss 2.6180 ema 2.7204 base 2.6180 gain +0.0000 lr 1.02e-04 10.53s/step
step   980 loss 2.7609 ema 2.7325 base 2.7609 gain +0.0000 lr 1.01e-04 10.54s/step
step   990 loss 2.6705 ema 2.7228 base 2.6705 gain +0.0000 lr 1.00e-04 10.55s/step
step  1000 loss 2.8007 ema 2.7218 base 2.8007 gain +0.0000 lr 1.00e-04 10.56s/step
EVAL step 1000: val nll 2.8213 | [0-2048] 2.7893 (base 2.7893) [2048-8192] 2.7825 (base 2.7825) [8192-16384] 2.8585 (base 2.8585)
done
