device cuda:0 args {'name': 'pointer_aug', 'mode': 'pointer', 'model': '0.4b', 'device': 'cuda:0', 'ctx': 8192, 'steps': 1000, 'accum': 4, 'lr_in': 0.0001, 'lr_f': 0.001, 'wd': 0.01, 'K': 4, 'in_layer': 0, 'no_h': False, 'no_lpc': False, 'engram_rows': 65536, 'seed': 0, 'data': 'tok,tok_code', 'repeat_aug': 0.5, 'eval_every': 200, 'eval_books': 3, 'eval_t': 16384}
/root/anaconda3/envs/rwkv_py312/lib/python3.12/site-packages/torch/utils/cpp_extension.py:2059: UserWarning: TORCH_CUDA_ARCH_LIST is not set, all archs for visible cards are included for compilation. 
If this is not desired, please set os.environ['TORCH_CUDA_ARCH_LIST'].
  warnings.warn(
trainable params: 0.117M (input-side 0.000M @ lr 0.0001)
train books 226 tokens 30.23M; val books ['tok/105', 'tok/110', 'tok/1155', 'tok_code/torch_inductor', 'tok_code/torch_distributed']
step     1 loss 2.8027 ema 2.8027 base 2.7864 gain -0.0163 lr 4.00e-05 2.30s/step
step    10 loss 2.3288 ema 2.7611 base 2.3254 gain -0.0034 lr 2.20e-04 1.59s/step
step    20 loss 2.5604 ema 2.7382 base 2.5706 gain +0.0101 lr 4.20e-04 1.55s/step
step    30 loss 2.0647 ema 2.7138 base 2.0726 gain +0.0079 lr 6.19e-04 1.54s/step
step    40 loss 2.5937 ema 2.6807 base 2.6028 gain +0.0091 lr 8.17e-04 1.53s/step
step    50 loss 2.4336 ema 2.6587 base 2.4765 gain +0.0429 lr 9.94e-04 1.53s/step
step    60 loss 2.6992 ema 2.6322 base 2.7514 gain +0.0523 lr 9.92e-04 1.53s/step
step    70 loss 2.0070 ema 2.5950 base 2.0134 gain +0.0064 lr 9.89e-04 1.52s/step
step    80 loss 2.7767 ema 2.5930 base 2.7977 gain +0.0209 lr 9.86e-04 1.52s/step
step    90 loss 2.3675 ema 2.6163 base 2.3986 gain +0.0311 lr 9.82e-04 1.52s/step
step   100 loss 2.6980 ema 2.5856 base 2.7528 gain +0.0549 lr 9.78e-04 1.52s/step
step   110 loss 3.0295 ema 2.5998 base 3.0651 gain +0.0356 lr 9.73e-04 1.52s/step
step   120 loss 2.0027 ema 2.5306 base 2.0161 gain +0.0135 lr 9.68e-04 1.52s/step
step   130 loss 2.1606 ema 2.5223 base 2.1832 gain +0.0225 lr 9.63e-04 1.52s/step
step   140 loss 2.2764 ema 2.5446 base 2.3423 gain +0.0659 lr 9.57e-04 1.52s/step
step   150 loss 2.3672 ema 2.4982 base 2.4001 gain +0.0329 lr 9.51e-04 1.52s/step
step   160 loss 2.6578 ema 2.5091 base 2.7084 gain +0.0506 lr 9.44e-04 1.52s/step
step   170 loss 2.6636 ema 2.5270 base 2.6955 gain +0.0318 lr 9.37e-04 1.52s/step
step   180 loss 2.8065 ema 2.5583 base 2.8498 gain +0.0433 lr 9.30e-04 1.52s/step
step   190 loss 3.0438 ema 2.5453 base 3.1015 gain +0.0577 lr 9.22e-04 1.52s/step
step   200 loss 2.6093 ema 2.5106 base 2.6652 gain +0.0559 lr 9.14e-04 1.52s/step
EVAL step 200: val nll 2.0822 | [0-2048] 2.2768 (base 2.2762) [2048-8192] 2.1455 (base 2.1457) [8192-16384] 1.9861 (base 1.9847)
step   210 loss 2.2936 ema 2.5218 base 2.3389 gain +0.0453 lr 9.06e-04 1.53s/step
step   220 loss 2.7375 ema 2.5147 base 2.7560 gain +0.0185 lr 8.97e-04 1.53s/step
step   230 loss 2.6879 ema 2.5267 base 2.7264 gain +0.0386 lr 8.88e-04 1.53s/step
step   240 loss 2.6298 ema 2.5322 base 2.6847 gain +0.0549 lr 8.78e-04 1.53s/step
step   250 loss 2.1086 ema 2.5007 base 2.1559 gain +0.0473 lr 8.68e-04 1.53s/step
step   260 loss 2.8418 ema 2.4908 base 2.9217 gain +0.0799 lr 8.58e-04 1.53s/step
step   270 loss 2.4827 ema 2.5060 base 2.5129 gain +0.0303 lr 8.48e-04 1.53s/step
step   280 loss 2.4771 ema 2.5008 base 2.5362 gain +0.0591 lr 8.37e-04 1.53s/step
step   290 loss 2.7462 ema 2.4904 base 2.7465 gain +0.0003 lr 8.26e-04 1.53s/step
step   300 loss 2.6357 ema 2.4719 base 2.7895 gain +0.1538 lr 8.15e-04 1.53s/step
step   310 loss 2.8262 ema 2.4740 base 2.8639 gain +0.0377 lr 8.03e-04 1.53s/step
step   320 loss 2.7189 ema 2.4695 base 2.7537 gain +0.0348 lr 7.91e-04 1.53s/step
step   330 loss 1.5943 ema 2.4468 base 1.6144 gain +0.0200 lr 7.79e-04 1.53s/step
step   340 loss 2.8492 ema 2.4856 base 2.9315 gain +0.0823 lr 7.67e-04 1.53s/step
step   350 loss 2.3454 ema 2.4894 base 2.3863 gain +0.0409 lr 7.54e-04 1.53s/step
step   360 loss 1.9604 ema 2.4745 base 1.9859 gain +0.0255 lr 7.42e-04 1.52s/step
step   370 loss 2.6457 ema 2.4609 base 2.7125 gain +0.0668 lr 7.29e-04 1.52s/step
step   380 loss 2.2431 ema 2.4428 base 2.2724 gain +0.0293 lr 7.16e-04 1.52s/step
step   390 loss 1.8599 ema 2.4400 base 1.8841 gain +0.0242 lr 7.02e-04 1.52s/step
step   400 loss 2.2473 ema 2.4540 base 2.2903 gain +0.0430 lr 6.89e-04 1.52s/step
EVAL step 400: val nll 2.0802 | [0-2048] 2.2757 (base 2.2762) [2048-8192] 2.1443 (base 2.1457) [8192-16384] 1.9832 (base 1.9847)
step   410 loss 2.5429 ema 2.4521 base 2.5989 gain +0.0560 lr 6.76e-04 1.53s/step
step   420 loss 2.5207 ema 2.4935 base 2.5636 gain +0.0429 lr 6.62e-04 1.53s/step
step   430 loss 2.4415 ema 2.5113 base 2.4482 gain +0.0068 lr 6.48e-04 1.53s/step
step   440 loss 1.9910 ema 2.5213 base 2.0518 gain +0.0607 lr 6.34e-04 1.53s/step
step   450 loss 2.7405 ema 2.5388 base 2.7553 gain +0.0148 lr 6.20e-04 1.53s/step
step   460 loss 2.3479 ema 2.5193 base 2.3948 gain +0.0469 lr 6.06e-04 1.53s/step
step   470 loss 2.4512 ema 2.5143 base 2.5494 gain +0.0982 lr 5.92e-04 1.53s/step
step   480 loss 2.7156 ema 2.5272 base 2.7468 gain +0.0312 lr 5.78e-04 1.53s/step
step   490 loss 2.1274 ema 2.5067 base 2.1807 gain +0.0534 lr 5.64e-04 1.53s/step
step   500 loss 2.7516 ema 2.5223 base 2.8430 gain +0.0913 lr 5.50e-04 1.53s/step
step   510 loss 2.4120 ema 2.5363 base 2.4626 gain +0.0506 lr 5.36e-04 1.53s/step
step   520 loss 2.6984 ema 2.5461 base 2.7202 gain +0.0218 lr 5.22e-04 1.53s/step
step   530 loss 2.7890 ema 2.5454 base 2.8317 gain +0.0427 lr 5.08e-04 1.53s/step
step   540 loss 2.6117 ema 2.5389 base 2.6717 gain +0.0600 lr 4.94e-04 1.53s/step
step   550 loss 2.1033 ema 2.5164 base 2.1522 gain +0.0489 lr 4.80e-04 1.53s/step
step   560 loss 2.6691 ema 2.5018 base 2.6980 gain +0.0289 lr 4.66e-04 1.53s/step
step   570 loss 2.2054 ema 2.4998 base 2.2816 gain +0.0763 lr 4.52e-04 1.53s/step
step   580 loss 2.2667 ema 2.4996 base 2.3388 gain +0.0721 lr 4.38e-04 1.53s/step
step   590 loss 1.8094 ema 2.4860 base 1.8288 gain +0.0195 lr 4.24e-04 1.53s/step
step   600 loss 3.1149 ema 2.5041 base 3.1263 gain +0.0114 lr 4.11e-04 1.52s/step
EVAL step 600: val nll 2.0826 | [0-2048] 2.2769 (base 2.2762) [2048-8192] 2.1451 (base 2.1457) [8192-16384] 1.9871 (base 1.9847)
step   610 loss 2.7775 ema 2.4987 base 2.8930 gain +0.1155 lr 3.98e-04 1.53s/step
step   620 loss 2.5314 ema 2.5135 base 2.5843 gain +0.0529 lr 3.84e-04 1.53s/step
step   630 loss 2.6814 ema 2.5350 base 2.7437 gain +0.0623 lr 3.71e-04 1.53s/step
step   640 loss 2.7131 ema 2.5264 base 2.7857 gain +0.0725 lr 3.58e-04 1.53s/step
step   650 loss 2.6650 ema 2.5294 base 2.7185 gain +0.0535 lr 3.46e-04 1.53s/step
step   660 loss 2.8790 ema 2.5378 base 2.8982 gain +0.0192 lr 3.33e-04 1.53s/step
step   670 loss 2.3499 ema 2.5277 base 2.4079 gain +0.0580 lr 3.21e-04 1.53s/step
step   680 loss 2.6969 ema 2.5281 base 2.7418 gain +0.0449 lr 3.09e-04 1.53s/step
step   690 loss 2.8761 ema 2.5180 base 2.9334 gain +0.0573 lr 2.97e-04 1.53s/step
step   700 loss 3.1477 ema 2.5382 base 3.2760 gain +0.1283 lr 2.85e-04 1.53s/step
step   710 loss 2.1559 ema 2.5126 base 2.1977 gain +0.0418 lr 2.74e-04 1.53s/step
step   720 loss 2.6600 ema 2.5047 base 2.7821 gain +0.1221 lr 2.63e-04 1.53s/step
step   730 loss 2.6967 ema 2.5040 base 2.7228 gain +0.0261 lr 2.52e-04 1.53s/step
step   740 loss 2.8682 ema 2.4957 base 2.8684 gain +0.0002 lr 2.42e-04 1.53s/step
step   750 loss 2.7520 ema 2.4972 base 2.7803 gain +0.0283 lr 2.32e-04 1.53s/step
step   760 loss 2.3618 ema 2.4835 base 2.3978 gain +0.0361 lr 2.22e-04 1.53s/step
step   770 loss 3.0947 ema 2.5260 base 3.1139 gain +0.0193 lr 2.12e-04 1.53s/step
step   780 loss 2.4995 ema 2.5222 base 2.5657 gain +0.0662 lr 2.03e-04 1.53s/step
step   790 loss 2.4591 ema 2.5114 base 2.5399 gain +0.0808 lr 1.94e-04 1.53s/step
step   800 loss 2.2259 ema 2.5226 base 2.3006 gain +0.0747 lr 1.86e-04 1.53s/step
EVAL step 800: val nll 2.0800 | [0-2048] 2.2759 (base 2.2762) [2048-8192] 2.1440 (base 2.1457) [8192-16384] 1.9830 (base 1.9847)
step   810 loss 2.4374 ema 2.5333 base 2.4527 gain +0.0153 lr 1.78e-04 1.53s/step
step   820 loss 2.6459 ema 2.4871 base 2.7405 gain +0.0945 lr 1.70e-04 1.53s/step
step   830 loss 2.6913 ema 2.4757 base 2.6956 gain +0.0044 lr 1.63e-04 1.53s/step
step   840 loss 3.0000 ema 2.4532 base 3.0844 gain +0.0844 lr 1.56e-04 1.53s/step
step   850 loss 2.7705 ema 2.4755 base 2.8470 gain +0.0765 lr 1.49e-04 1.53s/step
step   860 loss 2.7796 ema 2.4948 base 2.8283 gain +0.0487 lr 1.43e-04 1.53s/step
step   870 loss 2.8891 ema 2.4993 base 2.9208 gain +0.0317 lr 1.37e-04 1.53s/step
step   880 loss 2.6699 ema 2.4939 base 2.7097 gain +0.0397 lr 1.32e-04 1.53s/step
step   890 loss 2.3383 ema 2.5092 base 2.3682 gain +0.0299 lr 1.27e-04 1.53s/step
step   900 loss 2.0241 ema 2.5212 base 2.0912 gain +0.0670 lr 1.22e-04 1.53s/step
step   910 loss 2.6724 ema 2.5384 base 2.7493 gain +0.0769 lr 1.18e-04 1.53s/step
step   920 loss 2.5104 ema 2.5277 base 2.5211 gain +0.0107 lr 1.14e-04 1.53s/step
step   930 loss 2.5078 ema 2.5315 base 2.5297 gain +0.0219 lr 1.11e-04 1.53s/step
step   940 loss 1.9529 ema 2.5197 base 1.9632 gain +0.0103 lr 1.08e-04 1.53s/step
step   950 loss 2.5510 ema 2.5125 base 2.5768 gain +0.0258 lr 1.06e-04 1.53s/step
step   960 loss 2.1012 ema 2.5179 base 2.1485 gain +0.0472 lr 1.04e-04 1.53s/step
step   970 loss 2.5600 ema 2.5224 base 2.6722 gain +0.1122 lr 1.02e-04 1.53s/step
step   980 loss 2.5263 ema 2.5403 base 2.5834 gain +0.0571 lr 1.01e-04 1.53s/step
step   990 loss 2.7956 ema 2.5782 base 2.8822 gain +0.0866 lr 1.00e-04 1.53s/step
step  1000 loss 2.4319 ema 2.5673 base 2.4531 gain +0.0212 lr 1.00e-04 1.53s/step
EVAL step 1000: val nll 2.0806 | [0-2048] 2.2762 (base 2.2762) [2048-8192] 2.1444 (base 2.1457) [8192-16384] 1.9839 (base 1.9847)
done
