device cuda:1 args {'name': 'input_k4_l2', 'mode': 'input', 'model': '0.4b', 'device': 'cuda:1', 'ctx': 8192, 'steps': 1000, 'accum': 4, 'lr_in': 0.0001, 'lr_f': 0.001, 'wd': 0.01, 'K': 4, 'in_layer': 2, 'no_h': False, 'engram_rows': 65536, 'seed': 0, 'data': 'tok', 'repeat_aug': 0.0, 'eval_every': 200, 'eval_books': 3, 'eval_t': 16384}
trainable params: 1.051M (input-side 1.051M @ lr 0.0001)
train books 214 tokens 26.68M; val books ['tok/105', 'tok/110', 'tok/1155']
step     1 loss 2.8451 ema 2.8451 (input-side adapter: frozen-baseline comparison only in eval_adapter.py) lr 4.00e-06 11.71s/step
step    10 loss 2.7970 ema 2.8309 (input-side adapter: frozen-baseline comparison only in eval_adapter.py) lr 2.20e-05 11.17s/step
step    20 loss 2.7510 ema 2.8277 (input-side adapter: frozen-baseline comparison only in eval_adapter.py) lr 4.20e-05 11.13s/step
step    30 loss 2.9262 ema 2.8290 (input-side adapter: frozen-baseline comparison only in eval_adapter.py) lr 6.19e-05 11.12s/step
step    40 loss 2.7526 ema 2.8351 (input-side adapter: frozen-baseline comparison only in eval_adapter.py) lr 8.17e-05 9.90s/step
step    50 loss 2.9126 ema 2.8389 (input-side adapter: frozen-baseline comparison only in eval_adapter.py) lr 9.94e-05 8.94s/step
step    60 loss 2.7068 ema 2.8489 (input-side adapter: frozen-baseline comparison only in eval_adapter.py) lr 9.92e-05 8.31s/step
step    70 loss 3.0129 ema 2.8556 (input-side adapter: frozen-baseline comparison only in eval_adapter.py) lr 9.89e-05 7.85s/step
step    80 loss 2.9215 ema 2.8691 (input-side adapter: frozen-baseline comparison only in eval_adapter.py) lr 9.86e-05 7.51s/step
step    90 loss 2.7422 ema 2.8685 (input-side adapter: frozen-baseline comparison only in eval_adapter.py) lr 9.82e-05 7.24s/step
step   100 loss 2.8300 ema 2.8727 (input-side adapter: frozen-baseline comparison only in eval_adapter.py) lr 9.78e-05 7.03s/step
step   110 loss 2.9465 ema 2.8779 (input-side adapter: frozen-baseline comparison only in eval_adapter.py) lr 9.73e-05 6.86s/step
step   120 loss 2.8321 ema 2.8834 (input-side adapter: frozen-baseline comparison only in eval_adapter.py) lr 9.68e-05 6.71s/step
step   130 loss 2.7421 ema 2.8890 (input-side adapter: frozen-baseline comparison only in eval_adapter.py) lr 9.63e-05 6.59s/step
step   140 loss 3.0070 ema 2.9178 (input-side adapter: frozen-baseline comparison only in eval_adapter.py) lr 9.57e-05 6.48s/step
step   150 loss 3.1354 ema 2.9183 (input-side adapter: frozen-baseline comparison only in eval_adapter.py) lr 9.51e-05 6.39s/step
step   160 loss 3.2849 ema 2.9267 (input-side adapter: frozen-baseline comparison only in eval_adapter.py) lr 9.44e-05 6.31s/step
step   170 loss 2.8722 ema 2.9274 (input-side adapter: frozen-baseline comparison only in eval_adapter.py) lr 9.37e-05 6.24s/step
step   180 loss 3.1081 ema 2.9252 (input-side adapter: frozen-baseline comparison only in eval_adapter.py) lr 9.30e-05 6.18s/step
step   190 loss 3.0557 ema 2.9262 (input-side adapter: frozen-baseline comparison only in eval_adapter.py) lr 9.22e-05 6.13s/step
step   200 loss 2.7119 ema 2.9259 (input-side adapter: frozen-baseline comparison only in eval_adapter.py) lr 9.14e-05 6.37s/step
EVAL step 200: val nll 2.9656 | [0-2048] 2.8481 (base 2.8481) [2048-8192] 2.9185 (base 2.9185) [8192-16384] 3.0303 (base 3.0303)
step   210 loss 2.9169 ema 2.9159 (input-side adapter: frozen-baseline comparison only in eval_adapter.py) lr 9.06e-05 6.63s/step
step   220 loss 3.0591 ema 2.9173 (input-side adapter: frozen-baseline comparison only in eval_adapter.py) lr 8.97e-05 6.84s/step
step   230 loss 2.9143 ema 2.9059 (input-side adapter: frozen-baseline comparison only in eval_adapter.py) lr 8.88e-05 7.03s/step
step   240 loss 3.0942 ema 2.9049 (input-side adapter: frozen-baseline comparison only in eval_adapter.py) lr 8.78e-05 7.20s/step
step   250 loss 2.7421 ema 2.9090 (input-side adapter: frozen-baseline comparison only in eval_adapter.py) lr 8.68e-05 7.37s/step
step   260 loss 2.9012 ema 2.9167 (input-side adapter: frozen-baseline comparison only in eval_adapter.py) lr 8.58e-05 7.51s/step
step   270 loss 3.0808 ema 2.9166 (input-side adapter: frozen-baseline comparison only in eval_adapter.py) lr 8.48e-05 7.65s/step
step   280 loss 2.9722 ema 2.9117 (input-side adapter: frozen-baseline comparison only in eval_adapter.py) lr 8.37e-05 7.78s/step
step   290 loss 3.2432 ema 2.9236 (input-side adapter: frozen-baseline comparison only in eval_adapter.py) lr 8.26e-05 7.90s/step
step   300 loss 2.9247 ema 2.9342 (input-side adapter: frozen-baseline comparison only in eval_adapter.py) lr 8.15e-05 8.01s/step
step   310 loss 2.8606 ema 2.9272 (input-side adapter: frozen-baseline comparison only in eval_adapter.py) lr 8.03e-05 8.12s/step
step   320 loss 2.8556 ema 2.9170 (input-side adapter: frozen-baseline comparison only in eval_adapter.py) lr 7.91e-05 8.21s/step
step   330 loss 2.7702 ema 2.9114 (input-side adapter: frozen-baseline comparison only in eval_adapter.py) lr 7.79e-05 8.31s/step
step   340 loss 2.7414 ema 2.8839 (input-side adapter: frozen-baseline comparison only in eval_adapter.py) lr 7.67e-05 8.39s/step
step   350 loss 2.8792 ema 2.8700 (input-side adapter: frozen-baseline comparison only in eval_adapter.py) lr 7.54e-05 8.47s/step
step   360 loss 2.8666 ema 2.8821 (input-side adapter: frozen-baseline comparison only in eval_adapter.py) lr 7.42e-05 8.55s/step
step   370 loss 2.6539 ema 2.8804 (input-side adapter: frozen-baseline comparison only in eval_adapter.py) lr 7.29e-05 8.62s/step
step   380 loss 2.7786 ema 2.8818 (input-side adapter: frozen-baseline comparison only in eval_adapter.py) lr 7.16e-05 8.69s/step
step   390 loss 2.7955 ema 2.8788 (input-side adapter: frozen-baseline comparison only in eval_adapter.py) lr 7.02e-05 8.76s/step
step   400 loss 2.8423 ema 2.8702 (input-side adapter: frozen-baseline comparison only in eval_adapter.py) lr 6.89e-05 8.82s/step
EVAL step 400: val nll 2.9170 | [0-2048] 2.8244 (base 2.8244) [2048-8192] 2.8779 (base 2.8779) [8192-16384] 2.9694 (base 2.9694)
step   410 loss 2.8366 ema 2.8764 (input-side adapter: frozen-baseline comparison only in eval_adapter.py) lr 6.76e-05 8.89s/step
step   420 loss 2.7255 ema 2.8780 (input-side adapter: frozen-baseline comparison only in eval_adapter.py) lr 6.62e-05 8.95s/step
step   430 loss 2.7482 ema 2.8600 (input-side adapter: frozen-baseline comparison only in eval_adapter.py) lr 6.48e-05 9.00s/step
step   440 loss 2.9170 ema 2.8734 (input-side adapter: frozen-baseline comparison only in eval_adapter.py) lr 6.34e-05 9.05s/step
step   450 loss 3.2290 ema 2.8881 (input-side adapter: frozen-baseline comparison only in eval_adapter.py) lr 6.20e-05 9.10s/step
step   460 loss 3.1155 ema 2.8906 (input-side adapter: frozen-baseline comparison only in eval_adapter.py) lr 6.06e-05 9.15s/step
step   470 loss 3.0522 ema 2.8879 (input-side adapter: frozen-baseline comparison only in eval_adapter.py) lr 5.92e-05 9.19s/step
step   480 loss 2.9954 ema 2.8830 (input-side adapter: frozen-baseline comparison only in eval_adapter.py) lr 5.78e-05 9.23s/step
step   490 loss 2.9598 ema 2.8604 (input-side adapter: frozen-baseline comparison only in eval_adapter.py) lr 5.64e-05 9.28s/step
step   500 loss 2.8886 ema 2.8567 (input-side adapter: frozen-baseline comparison only in eval_adapter.py) lr 5.50e-05 9.31s/step
step   510 loss 2.6727 ema 2.8604 (input-side adapter: frozen-baseline comparison only in eval_adapter.py) lr 5.36e-05 9.35s/step
step   520 loss 3.1765 ema 2.8604 (input-side adapter: frozen-baseline comparison only in eval_adapter.py) lr 5.22e-05 9.39s/step
step   530 loss 2.7010 ema 2.8592 (input-side adapter: frozen-baseline comparison only in eval_adapter.py) lr 5.08e-05 9.42s/step
step   540 loss 2.8527 ema 2.8500 (input-side adapter: frozen-baseline comparison only in eval_adapter.py) lr 4.94e-05 9.46s/step
step   550 loss 2.8280 ema 2.8522 (input-side adapter: frozen-baseline comparison only in eval_adapter.py) lr 4.80e-05 9.49s/step
step   560 loss 2.8017 ema 2.8485 (input-side adapter: frozen-baseline comparison only in eval_adapter.py) lr 4.66e-05 9.52s/step
step   570 loss 2.8250 ema 2.8402 (input-side adapter: frozen-baseline comparison only in eval_adapter.py) lr 4.52e-05 9.55s/step
step   580 loss 2.7143 ema 2.8421 (input-side adapter: frozen-baseline comparison only in eval_adapter.py) lr 4.38e-05 9.58s/step
step   590 loss 2.7839 ema 2.8493 (input-side adapter: frozen-baseline comparison only in eval_adapter.py) lr 4.24e-05 9.61s/step
step   600 loss 2.8726 ema 2.8512 (input-side adapter: frozen-baseline comparison only in eval_adapter.py) lr 4.11e-05 9.64s/step
EVAL step 600: val nll 2.8743 | [0-2048] 2.8055 (base 2.8055) [2048-8192] 2.8387 (base 2.8387) [8192-16384] 2.9182 (base 2.9182)
step   610 loss 3.1504 ema 2.8423 (input-side adapter: frozen-baseline comparison only in eval_adapter.py) lr 3.98e-05 9.67s/step
step   620 loss 2.7104 ema 2.8516 (input-side adapter: frozen-baseline comparison only in eval_adapter.py) lr 3.84e-05 9.70s/step
step   630 loss 2.8646 ema 2.8484 (input-side adapter: frozen-baseline comparison only in eval_adapter.py) lr 3.71e-05 9.72s/step
step   640 loss 2.9865 ema 2.8507 (input-side adapter: frozen-baseline comparison only in eval_adapter.py) lr 3.58e-05 9.74s/step
step   650 loss 2.7135 ema 2.8441 (input-side adapter: frozen-baseline comparison only in eval_adapter.py) lr 3.46e-05 9.77s/step
step   660 loss 2.6888 ema 2.8405 (input-side adapter: frozen-baseline comparison only in eval_adapter.py) lr 3.33e-05 9.79s/step
step   670 loss 2.7906 ema 2.8242 (input-side adapter: frozen-baseline comparison only in eval_adapter.py) lr 3.21e-05 9.81s/step
step   680 loss 2.9010 ema 2.8283 (input-side adapter: frozen-baseline comparison only in eval_adapter.py) lr 3.09e-05 9.83s/step
step   690 loss 3.0192 ema 2.8493 (input-side adapter: frozen-baseline comparison only in eval_adapter.py) lr 2.97e-05 9.85s/step
step   700 loss 2.9586 ema 2.8556 (input-side adapter: frozen-baseline comparison only in eval_adapter.py) lr 2.85e-05 9.87s/step
step   710 loss 2.7689 ema 2.8496 (input-side adapter: frozen-baseline comparison only in eval_adapter.py) lr 2.74e-05 9.89s/step
step   720 loss 2.9120 ema 2.8449 (input-side adapter: frozen-baseline comparison only in eval_adapter.py) lr 2.63e-05 9.91s/step
step   730 loss 2.6937 ema 2.8405 (input-side adapter: frozen-baseline comparison only in eval_adapter.py) lr 2.52e-05 9.93s/step
step   740 loss 2.7490 ema 2.8314 (input-side adapter: frozen-baseline comparison only in eval_adapter.py) lr 2.42e-05 9.95s/step
step   750 loss 2.9060 ema 2.8321 (input-side adapter: frozen-baseline comparison only in eval_adapter.py) lr 2.32e-05 9.96s/step
step   760 loss 2.6563 ema 2.8290 (input-side adapter: frozen-baseline comparison only in eval_adapter.py) lr 2.22e-05 9.98s/step
step   770 loss 2.8855 ema 2.8347 (input-side adapter: frozen-baseline comparison only in eval_adapter.py) lr 2.12e-05 10.00s/step
step   780 loss 2.9875 ema 2.8309 (input-side adapter: frozen-baseline comparison only in eval_adapter.py) lr 2.03e-05 10.01s/step
step   790 loss 2.8391 ema 2.8099 (input-side adapter: frozen-baseline comparison only in eval_adapter.py) lr 1.94e-05 10.03s/step
step   800 loss 3.0872 ema 2.8192 (input-side adapter: frozen-baseline comparison only in eval_adapter.py) lr 1.86e-05 10.04s/step
EVAL step 800: val nll 2.8481 | [0-2048] 2.7902 (base 2.7902) [2048-8192] 2.8121 (base 2.8121) [8192-16384] 2.8895 (base 2.8895)
step   810 loss 2.9567 ema 2.8187 (input-side adapter: frozen-baseline comparison only in eval_adapter.py) lr 1.78e-05 10.07s/step
step   820 loss 3.0712 ema 2.8241 (input-side adapter: frozen-baseline comparison only in eval_adapter.py) lr 1.70e-05 10.08s/step
step   830 loss 2.9086 ema 2.8212 (input-side adapter: frozen-baseline comparison only in eval_adapter.py) lr 1.63e-05 10.09s/step
step   840 loss 2.7617 ema 2.8213 (input-side adapter: frozen-baseline comparison only in eval_adapter.py) lr 1.56e-05 10.11s/step
step   850 loss 2.6823 ema 2.8236 (input-side adapter: frozen-baseline comparison only in eval_adapter.py) lr 1.49e-05 10.12s/step
step   860 loss 2.6941 ema 2.8100 (input-side adapter: frozen-baseline comparison only in eval_adapter.py) lr 1.43e-05 10.13s/step
step   870 loss 2.7691 ema 2.8075 (input-side adapter: frozen-baseline comparison only in eval_adapter.py) lr 1.37e-05 10.15s/step
step   880 loss 3.1660 ema 2.8271 (input-side adapter: frozen-baseline comparison only in eval_adapter.py) lr 1.32e-05 10.16s/step
step   890 loss 2.9259 ema 2.8183 (input-side adapter: frozen-baseline comparison only in eval_adapter.py) lr 1.27e-05 10.17s/step
step   900 loss 2.8033 ema 2.8072 (input-side adapter: frozen-baseline comparison only in eval_adapter.py) lr 1.22e-05 10.18s/step
step   910 loss 2.6304 ema 2.7969 (input-side adapter: frozen-baseline comparison only in eval_adapter.py) lr 1.18e-05 10.20s/step
step   920 loss 2.8043 ema 2.8051 (input-side adapter: frozen-baseline comparison only in eval_adapter.py) lr 1.14e-05 10.21s/step
step   930 loss 2.7681 ema 2.8050 (input-side adapter: frozen-baseline comparison only in eval_adapter.py) lr 1.11e-05 10.22s/step
step   940 loss 2.7647 ema 2.7998 (input-side adapter: frozen-baseline comparison only in eval_adapter.py) lr 1.08e-05 10.23s/step
step   950 loss 3.1707 ema 2.8025 (input-side adapter: frozen-baseline comparison only in eval_adapter.py) lr 1.06e-05 10.24s/step
step   960 loss 2.9041 ema 2.8000 (input-side adapter: frozen-baseline comparison only in eval_adapter.py) lr 1.04e-05 10.25s/step
step   970 loss 2.7083 ema 2.7884 (input-side adapter: frozen-baseline comparison only in eval_adapter.py) lr 1.02e-05 10.26s/step
step   980 loss 2.8048 ema 2.8000 (input-side adapter: frozen-baseline comparison only in eval_adapter.py) lr 1.01e-05 10.27s/step
step   990 loss 2.7469 ema 2.7928 (input-side adapter: frozen-baseline comparison only in eval_adapter.py) lr 1.00e-05 10.28s/step
step  1000 loss 2.8709 ema 2.7912 (input-side adapter: frozen-baseline comparison only in eval_adapter.py) lr 1.00e-05 10.29s/step
EVAL step 1000: val nll 2.8352 | [0-2048] 2.7838 (base 2.7838) [2048-8192] 2.8007 (base 2.8007) [8192-16384] 2.8740 (base 2.8740)
done
