device cuda:3 args {'name': 'both_k4_l2', 'mode': 'both', 'model': '0.4b', 'device': 'cuda:3', 'ctx': 8192, 'steps': 1000, 'accum': 4, 'lr_in': 0.0001, 'lr_f': 0.001, 'wd': 0.01, 'K': 4, 'in_layer': 2, 'no_h': False, 'engram_rows': 65536, 'seed': 0, 'data': 'tok', 'repeat_aug': 0.0, 'eval_every': 200, 'eval_books': 3, 'eval_t': 16384}
/root/anaconda3/envs/rwkv_py312/lib/python3.12/site-packages/torch/utils/cpp_extension.py:2059: UserWarning: TORCH_CUDA_ARCH_LIST is not set, all archs for visible cards are included for compilation. 
If this is not desired, please set os.environ['TORCH_CUDA_ARCH_LIST'].
  warnings.warn(
trainable params: 1.168M (input-side 1.051M @ lr 0.0001)
train books 214 tokens 26.68M; val books ['tok/105', 'tok/110', 'tok/1155']
step     1 loss 2.8570 ema 2.8570 base 2.8451 gain -0.0119 lr 4.00e-05 5.78s/step
step    10 loss 2.8066 ema 2.8432 base 2.7971 gain -0.0095 lr 2.20e-04 5.18s/step
step    20 loss 2.7508 ema 2.8383 base 2.7508 gain +0.0000 lr 4.20e-04 5.14s/step
step    30 loss 2.9260 ema 2.8376 base 2.9261 gain +0.0001 lr 6.19e-04 5.13s/step
step    40 loss 2.7531 ema 2.8422 base 2.7532 gain +0.0001 lr 8.17e-04 5.13s/step
step    50 loss 2.9099 ema 2.8446 base 2.9103 gain +0.0004 lr 9.94e-04 5.12s/step
step    60 loss 2.7059 ema 2.8534 base 2.7077 gain +0.0018 lr 9.92e-04 5.12s/step
step    70 loss 3.0149 ema 2.8592 base 3.0150 gain +0.0001 lr 9.89e-04 5.12s/step
step    80 loss 2.9241 ema 2.8720 base 2.9254 gain +0.0013 lr 9.86e-04 5.12s/step
step    90 loss 2.7414 ema 2.8713 base 2.7427 gain +0.0014 lr 9.82e-04 5.11s/step
step   100 loss 2.8377 ema 2.8753 base 2.8379 gain +0.0002 lr 9.78e-04 5.11s/step
step   110 loss 2.9475 ema 2.8802 base 2.9481 gain +0.0006 lr 9.73e-04 5.11s/step
step   120 loss 2.8383 ema 2.8859 base 2.8385 gain +0.0003 lr 9.68e-04 5.11s/step
step   130 loss 2.7465 ema 2.8911 base 2.7469 gain +0.0005 lr 9.63e-04 5.11s/step
step   140 loss 3.0083 ema 2.9195 base 3.0086 gain +0.0003 lr 9.57e-04 5.11s/step
step   150 loss 3.1330 ema 2.9193 base 3.1363 gain +0.0033 lr 9.51e-04 5.11s/step
step   160 loss 3.2856 ema 2.9272 base 3.2898 gain +0.0042 lr 9.44e-04 5.11s/step
step   170 loss 2.8700 ema 2.9283 base 2.8712 gain +0.0012 lr 9.37e-04 5.11s/step
step   180 loss 3.1029 ema 2.9259 base 3.1043 gain +0.0014 lr 9.30e-04 5.11s/step
step   190 loss 3.0522 ema 2.9267 base 3.0532 gain +0.0010 lr 9.22e-04 5.11s/step
step   200 loss 2.7075 ema 2.9259 base 2.7082 gain +0.0007 lr 9.14e-04 5.11s/step
EVAL step 200: val nll 2.9630 | [0-2048] 2.8509 (base 2.8504) [2048-8192] 2.9230 (base 2.9234) [8192-16384] 3.0210 (base 3.0254)
step   210 loss 2.9004 ema 2.9153 base 2.9020 gain +0.0016 lr 9.06e-04 5.12s/step
step   220 loss 3.0520 ema 2.9167 base 3.0550 gain +0.0030 lr 8.97e-04 5.12s/step
step   230 loss 2.9170 ema 2.9055 base 2.9173 gain +0.0003 lr 8.88e-04 5.16s/step
step   240 loss 3.0891 ema 2.9041 base 3.0961 gain +0.0071 lr 8.78e-04 5.41s/step
step   250 loss 2.7332 ema 2.9078 base 2.7350 gain +0.0018 lr 8.68e-04 5.64s/step
step   260 loss 2.8967 ema 2.9152 base 2.8971 gain +0.0004 lr 8.58e-04 5.86s/step
step   270 loss 3.0750 ema 2.9142 base 3.0779 gain +0.0029 lr 8.48e-04 6.06s/step
step   280 loss 2.9668 ema 2.9095 base 2.9705 gain +0.0038 lr 8.37e-04 6.24s/step
step   290 loss 3.2447 ema 2.9212 base 3.2458 gain +0.0011 lr 8.26e-04 6.42s/step
step   300 loss 2.9290 ema 2.9319 base 2.9307 gain +0.0017 lr 8.15e-04 6.58s/step
step   310 loss 2.8634 ema 2.9251 base 2.8670 gain +0.0036 lr 8.03e-04 6.73s/step
step   320 loss 2.8603 ema 2.9154 base 2.8636 gain +0.0032 lr 7.91e-04 6.87s/step
step   330 loss 2.7628 ema 2.9093 base 2.7650 gain +0.0022 lr 7.79e-04 7.00s/step
step   340 loss 2.7386 ema 2.8812 base 2.7398 gain +0.0012 lr 7.67e-04 7.12s/step
step   350 loss 2.8777 ema 2.8674 base 2.8784 gain +0.0006 lr 7.54e-04 7.24s/step
step   360 loss 2.8618 ema 2.8793 base 2.8633 gain +0.0015 lr 7.42e-04 7.35s/step
step   370 loss 2.6572 ema 2.8765 base 2.6580 gain +0.0008 lr 7.29e-04 7.46s/step
step   380 loss 2.7769 ema 2.8769 base 2.7775 gain +0.0006 lr 7.16e-04 7.56s/step
step   390 loss 2.7952 ema 2.8740 base 2.7954 gain +0.0002 lr 7.02e-04 7.65s/step
step   400 loss 2.8352 ema 2.8659 base 2.8375 gain +0.0023 lr 6.89e-04 7.74s/step
EVAL step 400: val nll 2.9157 | [0-2048] 2.8334 (base 2.8333) [2048-8192] 2.8735 (base 2.8742) [8192-16384] 2.9679 (base 2.9725)
step   410 loss 2.8359 ema 2.8728 base 2.8373 gain +0.0014 lr 6.76e-04 7.84s/step
step   420 loss 2.7140 ema 2.8744 base 2.7151 gain +0.0010 lr 6.62e-04 7.92s/step
step   430 loss 2.7485 ema 2.8568 base 2.7493 gain +0.0008 lr 6.48e-04 8.00s/step
step   440 loss 2.9113 ema 2.8704 base 2.9139 gain +0.0026 lr 6.34e-04 8.07s/step
step   450 loss 3.2121 ema 2.8851 base 3.2152 gain +0.0031 lr 6.20e-04 8.14s/step
step   460 loss 3.1062 ema 2.8875 base 3.1147 gain +0.0085 lr 6.06e-04 8.21s/step
step   470 loss 3.0461 ema 2.8849 base 3.0557 gain +0.0096 lr 5.92e-04 8.27s/step
step   480 loss 2.9959 ema 2.8805 base 2.9970 gain +0.0011 lr 5.78e-04 8.34s/step
step   490 loss 2.9615 ema 2.8586 base 2.9644 gain +0.0029 lr 5.64e-04 8.40s/step
step   500 loss 2.8841 ema 2.8550 base 2.8878 gain +0.0037 lr 5.50e-04 8.45s/step
step   510 loss 2.6725 ema 2.8584 base 2.6740 gain +0.0015 lr 5.36e-04 8.51s/step
step   520 loss 3.1686 ema 2.8582 base 3.1744 gain +0.0058 lr 5.22e-04 8.56s/step
step   530 loss 2.6988 ema 2.8567 base 2.7002 gain +0.0014 lr 5.08e-04 8.61s/step
step   540 loss 2.8514 ema 2.8478 base 2.8598 gain +0.0083 lr 4.94e-04 8.66s/step
step   550 loss 2.8261 ema 2.8502 base 2.8273 gain +0.0012 lr 4.80e-04 8.71s/step
step   560 loss 2.7986 ema 2.8464 base 2.8008 gain +0.0021 lr 4.66e-04 8.75s/step
step   570 loss 2.8205 ema 2.8384 base 2.8221 gain +0.0015 lr 4.52e-04 8.79s/step
step   580 loss 2.7146 ema 2.8411 base 2.7183 gain +0.0037 lr 4.38e-04 8.84s/step
step   590 loss 2.7836 ema 2.8483 base 2.7855 gain +0.0019 lr 4.24e-04 8.88s/step
step   600 loss 2.8675 ema 2.8502 base 2.8695 gain +0.0020 lr 4.11e-04 8.92s/step
EVAL step 600: val nll 2.8734 | [0-2048] 2.8068 (base 2.8068) [2048-8192] 2.8367 (base 2.8376) [8192-16384] 2.9175 (base 2.9213)
step   610 loss 3.1487 ema 2.8413 base 3.1504 gain +0.0017 lr 3.98e-04 8.96s/step
step   620 loss 2.7078 ema 2.8504 base 2.7093 gain +0.0015 lr 3.84e-04 9.00s/step
step   630 loss 2.8622 ema 2.8476 base 2.8636 gain +0.0014 lr 3.71e-04 9.04s/step
step   640 loss 2.9826 ema 2.8512 base 2.9866 gain +0.0040 lr 3.58e-04 9.07s/step
step   650 loss 2.7135 ema 2.8444 base 2.7144 gain +0.0009 lr 3.46e-04 9.10s/step
step   660 loss 2.6857 ema 2.8402 base 2.6862 gain +0.0004 lr 3.33e-04 9.14s/step
step   670 loss 2.7896 ema 2.8235 base 2.7925 gain +0.0029 lr 3.21e-04 9.17s/step
step   680 loss 2.8959 ema 2.8273 base 2.9040 gain +0.0081 lr 3.09e-04 9.20s/step
step   690 loss 3.0142 ema 2.8493 base 3.0169 gain +0.0027 lr 2.97e-04 9.23s/step
step   700 loss 2.9578 ema 2.8554 base 2.9610 gain +0.0032 lr 2.85e-04 9.26s/step
step   710 loss 2.7724 ema 2.8492 base 2.7737 gain +0.0013 lr 2.74e-04 9.28s/step
step   720 loss 2.9128 ema 2.8444 base 2.9145 gain +0.0016 lr 2.63e-04 9.31s/step
step   730 loss 2.6935 ema 2.8400 base 2.6948 gain +0.0013 lr 2.52e-04 9.34s/step
step   740 loss 2.7493 ema 2.8306 base 2.7496 gain +0.0003 lr 2.42e-04 9.36s/step
step   750 loss 2.8995 ema 2.8312 base 2.9014 gain +0.0019 lr 2.32e-04 9.39s/step
step   760 loss 2.6562 ema 2.8277 base 2.6571 gain +0.0009 lr 2.22e-04 9.41s/step
step   770 loss 2.8877 ema 2.8321 base 2.8891 gain +0.0014 lr 2.12e-04 9.44s/step
step   780 loss 2.9800 ema 2.8286 base 2.9874 gain +0.0074 lr 2.03e-04 9.46s/step
step   790 loss 2.8357 ema 2.8077 base 2.8401 gain +0.0045 lr 1.94e-04 9.48s/step
step   800 loss 3.0793 ema 2.8168 base 3.0882 gain +0.0089 lr 1.86e-04 9.51s/step
EVAL step 800: val nll 2.8469 | [0-2048] 2.7916 (base 2.7917) [2048-8192] 2.8098 (base 2.8110) [8192-16384] 2.8886 (base 2.8927)
step   810 loss 2.9512 ema 2.8163 base 2.9603 gain +0.0091 lr 1.78e-04 9.53s/step
step   820 loss 3.0672 ema 2.8217 base 3.0710 gain +0.0037 lr 1.70e-04 9.55s/step
step   830 loss 2.9058 ema 2.8189 base 2.9084 gain +0.0026 lr 1.63e-04 9.57s/step
step   840 loss 2.7596 ema 2.8189 base 2.7611 gain +0.0015 lr 1.56e-04 9.59s/step
step   850 loss 2.6811 ema 2.8212 base 2.6824 gain +0.0013 lr 1.49e-04 9.61s/step
step   860 loss 2.6926 ema 2.8079 base 2.6934 gain +0.0008 lr 1.43e-04 9.63s/step
step   870 loss 2.7692 ema 2.8055 base 2.7709 gain +0.0017 lr 1.37e-04 9.65s/step
step   880 loss 3.1728 ema 2.8251 base 3.1746 gain +0.0018 lr 1.32e-04 9.67s/step
step   890 loss 2.9253 ema 2.8163 base 2.9274 gain +0.0021 lr 1.27e-04 9.69s/step
step   900 loss 2.8037 ema 2.8053 base 2.8043 gain +0.0006 lr 1.22e-04 9.70s/step
step   910 loss 2.6279 ema 2.7951 base 2.6294 gain +0.0015 lr 1.18e-04 9.72s/step
step   920 loss 2.8011 ema 2.8033 base 2.8040 gain +0.0030 lr 1.14e-04 9.74s/step
step   930 loss 2.7669 ema 2.8031 base 2.7694 gain +0.0025 lr 1.11e-04 9.75s/step
step   940 loss 2.7648 ema 2.7977 base 2.7661 gain +0.0012 lr 1.08e-04 9.77s/step
step   950 loss 3.1713 ema 2.8005 base 3.1728 gain +0.0015 lr 1.06e-04 9.79s/step
step   960 loss 2.9032 ema 2.7979 base 2.9052 gain +0.0020 lr 1.04e-04 9.80s/step
step   970 loss 2.7055 ema 2.7864 base 2.7078 gain +0.0023 lr 1.02e-04 9.82s/step
step   980 loss 2.8044 ema 2.7979 base 2.8058 gain +0.0015 lr 1.01e-04 9.83s/step
step   990 loss 2.7451 ema 2.7910 base 2.7458 gain +0.0007 lr 1.00e-04 9.84s/step
step  1000 loss 2.8665 ema 2.7894 base 2.8690 gain +0.0025 lr 1.00e-04 9.86s/step
EVAL step 1000: val nll 2.8331 | [0-2048] 2.7880 (base 2.7880) [2048-8192] 2.7961 (base 2.7971) [8192-16384] 2.8721 (base 2.8763)
done
