device cuda:1 args {'name': 'pointer_k4', 'mode': 'pointer', 'model': '0.4b', 'device': 'cuda:1', 'ctx': 8192, 'steps': 1000, 'accum': 4, 'lr': None, 'lr_f': 0.001, 'wd': 0.01, 'K': 4, 'in_layer': 0, 'no_h': False, 'engram_rows': 65536, 'seed': 0, 'eval_every': 200, 'eval_books': 3, 'eval_t': 16384}
/root/anaconda3/envs/rwkv_py312/lib/python3.12/site-packages/torch/utils/cpp_extension.py:2059: UserWarning: TORCH_CUDA_ARCH_LIST is not set, all archs for visible cards are included for compilation. 
If this is not desired, please set os.environ['TORCH_CUDA_ARCH_LIST'].
  warnings.warn(
trainable params: 0.117M
train books 131 tokens 16.51M; val books ['105', '110', '1155']
step     1 loss 2.6878 ema 2.6878 base 2.6578 gain -0.0301 lr 4.00e-05 3.10s/step
step    10 loss 2.6822 ema 2.7033 base 2.6682 gain -0.0140 lr 2.20e-04 2.17s/step
step    20 loss 2.8077 ema 2.7060 base 2.8076 gain -0.0000 lr 4.20e-04 2.12s/step
step    30 loss 2.8849 ema 2.7224 base 2.8850 gain +0.0001 lr 6.19e-04 2.07s/step
step    40 loss 2.9611 ema 2.7465 base 2.9612 gain +0.0000 lr 8.17e-04 2.06s/step
step    50 loss 2.6695 ema 2.7464 base 2.6695 gain +0.0000 lr 9.94e-04 2.07s/step
step    60 loss 2.8672 ema 2.7445 base 2.8673 gain +0.0002 lr 9.92e-04 2.06s/step
step    70 loss 2.9239 ema 2.7555 base 2.9243 gain +0.0004 lr 9.89e-04 2.05s/step
step    80 loss 3.0235 ema 2.7470 base 3.0250 gain +0.0016 lr 9.86e-04 2.04s/step
step    90 loss 2.8257 ema 2.7597 base 2.8264 gain +0.0006 lr 9.82e-04 2.04s/step
step   100 loss 2.6700 ema 2.7590 base 2.6702 gain +0.0002 lr 9.78e-04 2.05s/step
step   110 loss 2.9158 ema 2.7720 base 2.9210 gain +0.0052 lr 9.73e-04 2.05s/step
step   120 loss 2.8362 ema 2.7617 base 2.8364 gain +0.0002 lr 9.68e-04 2.04s/step
step   130 loss 2.8111 ema 2.7621 base 2.8112 gain +0.0002 lr 9.63e-04 2.04s/step
step   140 loss 2.9804 ema 2.7690 base 2.9836 gain +0.0032 lr 9.57e-04 2.04s/step
step   150 loss 2.5077 ema 2.7599 base 2.5080 gain +0.0003 lr 9.51e-04 2.04s/step
step   160 loss 2.6740 ema 2.7536 base 2.6742 gain +0.0003 lr 9.44e-04 2.04s/step
step   170 loss 2.7120 ema 2.7534 base 2.7125 gain +0.0005 lr 9.37e-04 2.04s/step
step   180 loss 2.6679 ema 2.7433 base 2.6685 gain +0.0006 lr 9.30e-04 2.04s/step
step   190 loss 2.6551 ema 2.7471 base 2.6555 gain +0.0004 lr 9.22e-04 2.05s/step
step   200 loss 2.6949 ema 2.7571 base 2.6954 gain +0.0005 lr 9.14e-04 2.05s/step
EVAL step 200: val nll 2.7959 | [0-2048] 2.7611 (base 2.7610) [2048-8192] 2.7576 (base 2.7578) [8192-16384] 2.8334 (base 2.8354)
step   210 loss 2.7436 ema 2.7619 base 2.7444 gain +0.0008 lr 9.06e-04 2.06s/step
step   220 loss 2.8369 ema 2.7671 base 2.8374 gain +0.0005 lr 8.97e-04 2.06s/step
step   230 loss 2.5490 ema 2.7656 base 2.5494 gain +0.0004 lr 8.88e-04 2.06s/step
step   240 loss 2.7196 ema 2.7580 base 2.7195 gain -0.0000 lr 8.78e-04 2.06s/step
step   250 loss 2.6934 ema 2.7613 base 2.6940 gain +0.0006 lr 8.68e-04 2.06s/step
step   260 loss 2.6855 ema 2.7525 base 2.6862 gain +0.0006 lr 8.58e-04 2.06s/step
step   270 loss 2.6862 ema 2.7698 base 2.6866 gain +0.0004 lr 8.48e-04 2.06s/step
step   280 loss 2.6884 ema 2.7721 base 2.6891 gain +0.0007 lr 8.37e-04 2.06s/step
step   290 loss 2.6600 ema 2.7774 base 2.6604 gain +0.0004 lr 8.26e-04 2.06s/step
step   300 loss 2.5931 ema 2.7798 base 2.5935 gain +0.0004 lr 8.15e-04 2.05s/step
step   310 loss 2.6610 ema 2.7878 base 2.6613 gain +0.0004 lr 8.03e-04 2.05s/step
step   320 loss 2.7210 ema 2.8010 base 2.7211 gain +0.0001 lr 7.91e-04 2.05s/step
step   330 loss 2.7665 ema 2.7885 base 2.7665 gain +0.0000 lr 7.79e-04 2.05s/step
step   340 loss 2.7587 ema 2.7763 base 2.7588 gain +0.0001 lr 7.67e-04 2.05s/step
step   350 loss 3.0289 ema 2.7798 base 3.0295 gain +0.0006 lr 7.54e-04 2.05s/step
step   360 loss 2.9374 ema 2.7742 base 2.9380 gain +0.0006 lr 7.42e-04 2.05s/step
step   370 loss 2.5857 ema 2.7643 base 2.5862 gain +0.0005 lr 7.29e-04 2.05s/step
step   380 loss 3.0511 ema 2.7713 base 3.0514 gain +0.0003 lr 7.16e-04 2.05s/step
step   390 loss 2.7833 ema 2.7776 base 2.7845 gain +0.0012 lr 7.02e-04 2.05s/step
step   400 loss 2.7919 ema 2.7748 base 2.7926 gain +0.0007 lr 6.89e-04 2.06s/step
EVAL step 400: val nll 2.7959 | [0-2048] 2.7610 (base 2.7610) [2048-8192] 2.7575 (base 2.7578) [8192-16384] 2.8335 (base 2.8354)
step   410 loss 2.7164 ema 2.7904 base 2.7170 gain +0.0006 lr 6.76e-04 2.10s/step
step   420 loss 2.9317 ema 2.7860 base 2.9404 gain +0.0087 lr 6.62e-04 2.14s/step
step   430 loss 2.8160 ema 2.7946 base 2.8166 gain +0.0005 lr 6.48e-04 2.14s/step
step   440 loss 3.3171 ema 2.8033 base 3.3175 gain +0.0004 lr 6.34e-04 2.14s/step
step   450 loss 2.9188 ema 2.7949 base 2.9209 gain +0.0021 lr 6.20e-04 2.14s/step
step   460 loss 2.8836 ema 2.7952 base 2.8908 gain +0.0072 lr 6.06e-04 2.14s/step
step   470 loss 2.4529 ema 2.7813 base 2.4539 gain +0.0009 lr 5.92e-04 2.13s/step
step   480 loss 2.7513 ema 2.7861 base 2.7547 gain +0.0033 lr 5.78e-04 2.13s/step
step   490 loss 2.7580 ema 2.7959 base 2.7584 gain +0.0003 lr 5.64e-04 2.13s/step
step   500 loss 2.7977 ema 2.8023 base 2.7985 gain +0.0008 lr 5.50e-04 2.13s/step
step   510 loss 2.5780 ema 2.7936 base 2.5787 gain +0.0007 lr 5.36e-04 2.13s/step
step   520 loss 2.7366 ema 2.7860 base 2.7379 gain +0.0013 lr 5.22e-04 2.12s/step
step   530 loss 2.7677 ema 2.7747 base 2.7684 gain +0.0007 lr 5.08e-04 2.12s/step
step   540 loss 2.7766 ema 2.7829 base 2.7784 gain +0.0018 lr 4.94e-04 2.12s/step
step   550 loss 2.8768 ema 2.7986 base 2.8779 gain +0.0011 lr 4.80e-04 2.12s/step
step   560 loss 2.9329 ema 2.7927 base 2.9347 gain +0.0018 lr 4.66e-04 2.12s/step
step   570 loss 2.9846 ema 2.7865 base 2.9855 gain +0.0009 lr 4.52e-04 2.12s/step
step   580 loss 2.6629 ema 2.7809 base 2.6659 gain +0.0031 lr 4.38e-04 2.12s/step
step   590 loss 2.6487 ema 2.7828 base 2.6492 gain +0.0005 lr 4.24e-04 2.11s/step
step   600 loss 2.8696 ema 2.7857 base 2.8710 gain +0.0014 lr 4.11e-04 2.11s/step
EVAL step 600: val nll 2.7956 | [0-2048] 2.7612 (base 2.7610) [2048-8192] 2.7574 (base 2.7578) [8192-16384] 2.8329 (base 2.8354)
step   610 loss 2.8331 ema 2.7809 base 2.8406 gain +0.0075 lr 3.98e-04 2.12s/step
step   620 loss 2.6500 ema 2.7656 base 2.6522 gain +0.0023 lr 3.84e-04 2.12s/step
step   630 loss 2.8076 ema 2.7593 base 2.8089 gain +0.0013 lr 3.71e-04 2.11s/step
step   640 loss 2.6826 ema 2.7535 base 2.6839 gain +0.0013 lr 3.58e-04 2.11s/step
step   650 loss 3.2756 ema 2.7718 base 3.2763 gain +0.0007 lr 3.46e-04 2.11s/step
step   660 loss 2.8947 ema 2.7807 base 2.9033 gain +0.0086 lr 3.33e-04 2.10s/step
step   670 loss 2.6459 ema 2.7973 base 2.6479 gain +0.0020 lr 3.21e-04 2.10s/step
step   680 loss 2.6434 ema 2.7839 base 2.6444 gain +0.0010 lr 3.09e-04 2.09s/step
step   690 loss 2.6930 ema 2.7812 base 2.6935 gain +0.0005 lr 2.97e-04 2.09s/step
step   700 loss 2.8812 ema 2.7781 base 2.8824 gain +0.0012 lr 2.85e-04 2.09s/step
step   710 loss 2.8516 ema 2.7825 base 2.8527 gain +0.0011 lr 2.74e-04 2.09s/step
step   720 loss 2.4468 ema 2.7716 base 2.4482 gain +0.0014 lr 2.63e-04 2.09s/step
step   730 loss 2.7432 ema 2.7836 base 2.7434 gain +0.0002 lr 2.52e-04 2.09s/step
step   740 loss 2.9559 ema 2.7935 base 2.9569 gain +0.0011 lr 2.42e-04 2.09s/step
step   750 loss 2.7892 ema 2.7801 base 2.7898 gain +0.0006 lr 2.32e-04 2.09s/step
step   760 loss 2.6580 ema 2.7727 base 2.6593 gain +0.0014 lr 2.22e-04 2.09s/step
step   770 loss 3.1100 ema 2.8025 base 3.1181 gain +0.0081 lr 2.12e-04 2.09s/step
step   780 loss 2.6639 ema 2.7928 base 2.6650 gain +0.0011 lr 2.03e-04 2.09s/step
step   790 loss 2.9795 ema 2.7848 base 2.9900 gain +0.0105 lr 1.94e-04 2.09s/step
step   800 loss 2.7144 ema 2.7707 base 2.7177 gain +0.0032 lr 1.86e-04 2.08s/step
EVAL step 800: val nll 2.7955 | [0-2048] 2.7610 (base 2.7610) [2048-8192] 2.7573 (base 2.7578) [8192-16384] 2.8327 (base 2.8354)
step   810 loss 2.7333 ema 2.7882 base 2.7346 gain +0.0013 lr 1.78e-04 2.09s/step
step   820 loss 2.6746 ema 2.7860 base 2.6761 gain +0.0015 lr 1.70e-04 2.09s/step
step   830 loss 2.6872 ema 2.7824 base 2.6887 gain +0.0015 lr 1.63e-04 2.09s/step
step   840 loss 2.8816 ema 2.7844 base 2.8832 gain +0.0016 lr 1.56e-04 2.09s/step
step   850 loss 3.1067 ema 2.7838 base 3.1077 gain +0.0009 lr 1.49e-04 2.08s/step
step   860 loss 2.6842 ema 2.7740 base 2.6846 gain +0.0004 lr 1.43e-04 2.08s/step
step   870 loss 2.8786 ema 2.7943 base 2.8856 gain +0.0069 lr 1.37e-04 2.08s/step
step   880 loss 3.1626 ema 2.7784 base 3.1789 gain +0.0163 lr 1.32e-04 2.08s/step
step   890 loss 2.6888 ema 2.7852 base 2.6903 gain +0.0016 lr 1.27e-04 2.08s/step
step   900 loss 3.0956 ema 2.7870 base 3.0958 gain +0.0003 lr 1.22e-04 2.08s/step
step   910 loss 2.6916 ema 2.7732 base 2.6934 gain +0.0018 lr 1.18e-04 2.08s/step
step   920 loss 2.6741 ema 2.7558 base 2.6749 gain +0.0008 lr 1.14e-04 2.08s/step
step   930 loss 2.7917 ema 2.7543 base 2.7922 gain +0.0005 lr 1.11e-04 2.08s/step
step   940 loss 2.7731 ema 2.7529 base 2.7745 gain +0.0014 lr 1.08e-04 2.08s/step
step   950 loss 2.6716 ema 2.7530 base 2.6724 gain +0.0008 lr 1.06e-04 2.08s/step
step   960 loss 2.7441 ema 2.7690 base 2.7464 gain +0.0023 lr 1.04e-04 2.08s/step
step   970 loss 2.6301 ema 2.7681 base 2.6309 gain +0.0008 lr 1.02e-04 2.08s/step
step   980 loss 2.9069 ema 2.7657 base 2.9075 gain +0.0007 lr 1.01e-04 2.08s/step
step   990 loss 2.6260 ema 2.7842 base 2.6269 gain +0.0009 lr 1.00e-04 2.08s/step
step  1000 loss 2.8783 ema 2.7754 base 2.8799 gain +0.0016 lr 1.00e-04 2.08s/step
EVAL step 1000: val nll 2.7954 | [0-2048] 2.7610 (base 2.7610) [2048-8192] 2.7573 (base 2.7578) [8192-16384] 2.8326 (base 2.8354)
done
