device cuda:1 args {'name': 'input_k4_l0', 'mode': 'input', 'model': '0.4b', 'device': 'cuda:1', 'ctx': 8192, 'steps': 1000, 'accum': 4, 'lr_in': 0.0001, 'lr_f': 0.001, 'wd': 0.01, 'K': 4, 'in_layer': 0, 'no_h': False, 'engram_rows': 65536, 'seed': 0, 'data': 'tok', 'eval_every': 200, 'eval_books': 3, 'eval_t': 16384}
/root/anaconda3/envs/rwkv_py312/lib/python3.12/site-packages/torch/utils/cpp_extension.py:2059: UserWarning: TORCH_CUDA_ARCH_LIST is not set, all archs for visible cards are included for compilation. 
If this is not desired, please set os.environ['TORCH_CUDA_ARCH_LIST'].
  warnings.warn(
trainable params: 1.051M (input-side 1.051M @ lr 0.0001)
train books 214 tokens 26.68M; val books ['tok/105', 'tok/110', 'tok/1155']
step     1 loss 2.8451 ema 2.8451 base 2.8451 gain +0.0000 lr 4.00e-06 7.50s/step
step    10 loss 2.8025 ema 2.8314 base 2.8025 gain +0.0000 lr 2.20e-05 7.15s/step
step    20 loss 2.7584 ema 2.8297 base 2.7584 gain +0.0000 lr 4.20e-05 7.20s/step
step    30 loss 2.9443 ema 2.8339 base 2.9443 gain +0.0000 lr 6.19e-05 7.20s/step
step    40 loss 2.7845 ema 2.8455 base 2.7845 gain +0.0000 lr 8.17e-05 7.15s/step
step    50 loss 3.0152 ema 2.8581 base 3.0152 gain +0.0000 lr 9.94e-05 7.14s/step
step    60 loss 2.8056 ema 2.8806 base 2.8056 gain +0.0000 lr 9.92e-05 7.03s/step
step    70 loss 3.1096 ema 2.8977 base 3.1096 gain +0.0000 lr 9.89e-05 6.80s/step
step    80 loss 3.0460 ema 2.9240 base 3.0460 gain +0.0000 lr 9.86e-05 6.63s/step
step    90 loss 2.8876 ema 2.9375 base 2.8876 gain +0.0000 lr 9.82e-05 6.50s/step
step   100 loss 2.9987 ema 2.9551 base 2.9987 gain +0.0000 lr 9.78e-05 6.39s/step
step   110 loss 3.1175 ema 2.9725 base 3.1175 gain +0.0000 lr 9.73e-05 6.31s/step
step   120 loss 2.9920 ema 2.9911 base 2.9920 gain +0.0000 lr 9.68e-05 6.23s/step
step   130 loss 2.8847 ema 3.0067 base 2.8847 gain +0.0000 lr 9.63e-05 6.17s/step
step   140 loss 3.1640 ema 3.0474 base 3.1640 gain +0.0000 lr 9.57e-05 6.12s/step
step   150 loss 3.2817 ema 3.0512 base 3.2817 gain +0.0000 lr 9.51e-05 6.07s/step
step   160 loss 3.4607 ema 3.0618 base 3.4607 gain +0.0000 lr 9.44e-05 6.04s/step
step   170 loss 3.0328 ema 3.0650 base 3.0328 gain +0.0000 lr 9.37e-05 6.00s/step
step   180 loss 3.2770 ema 3.0664 base 3.2770 gain +0.0000 lr 9.30e-05 5.97s/step
step   190 loss 3.2366 ema 3.0706 base 3.2366 gain +0.0000 lr 9.22e-05 6.14s/step
step   200 loss 2.8804 ema 3.0746 base 2.8804 gain +0.0000 lr 9.14e-05 6.42s/step
EVAL step 200: val nll 3.1637 | [0-2048] 3.0072 (base 3.0072) [2048-8192] 3.1016 (base 3.1016) [8192-16384] 3.2493 (base 3.2493)
step   210 loss 3.0769 ema 3.0654 base 3.0769 gain +0.0000 lr 9.06e-05 6.70s/step
step   220 loss 3.2958 ema 3.0730 base 3.2958 gain +0.0000 lr 8.97e-05 6.93s/step
step   230 loss 3.0999 ema 3.0630 base 3.0999 gain +0.0000 lr 8.88e-05 7.14s/step
step   240 loss 3.2775 ema 3.0661 base 3.2775 gain +0.0000 lr 8.78e-05 7.34s/step
step   250 loss 2.9170 ema 3.0758 base 2.9170 gain +0.0000 lr 8.68e-05 7.51s/step
step   260 loss 3.0624 ema 3.0849 base 3.0624 gain +0.0000 lr 8.58e-05 7.68s/step
